Test RR+RW+porlxrlx+fetch.addrlxrlx-porlxrlx Allowed
States 3
0:r0=0; 0:r1=0; 1:r0=0;
0:r0=0; 0:r1=1; 1:r0=0;
0:r0=1; 0:r1=1; 1:r0=0;
No
Witnesses
Positive: 0 Negative: 3
Condition exists (0:r0=1 /\ 0:r1=0 /\ 1:r0=0)
Observation RR+RW+porlxrlx+fetch.addrlxrlx-porlxrlx Never 0 3
Hash=bfbf6d8ba0bf34568e27bc49586c6279

