Test iriw-acq-rel Allowed
States 16
1:a=0; 1:b=0; 3:c=0; 3:d=0;
1:a=0; 1:b=0; 3:c=0; 3:d=1;
1:a=0; 1:b=0; 3:c=1; 3:d=0;
1:a=0; 1:b=0; 3:c=1; 3:d=1;
1:a=0; 1:b=1; 3:c=0; 3:d=0;
1:a=0; 1:b=1; 3:c=0; 3:d=1;
1:a=0; 1:b=1; 3:c=1; 3:d=0;
1:a=0; 1:b=1; 3:c=1; 3:d=1;
1:a=1; 1:b=0; 3:c=0; 3:d=0;
1:a=1; 1:b=0; 3:c=0; 3:d=1;
1:a=1; 1:b=0; 3:c=1; 3:d=0;
1:a=1; 1:b=0; 3:c=1; 3:d=1;
1:a=1; 1:b=1; 3:c=0; 3:d=0;
1:a=1; 1:b=1; 3:c=0; 3:d=1;
1:a=1; 1:b=1; 3:c=1; 3:d=0;
1:a=1; 1:b=1; 3:c=1; 3:d=1;
Ok
Witnesses
Positive: 1 Negative: 15
Condition exists (1:a=1 /\ 1:b=0 /\ 3:c=1 /\ 3:d=0)
Observation iriw-acq-rel Sometimes 1 15
Hash=39d916b5eb72ece3bccc08ff14ed43d9

